{
  "config": {
    "configFile": "E:\\cieveryday\\playwright.config.js",
    "rootDir": "E:/cieveryday/tests/api-integration-tests",
    "forbidOnly": false,
    "fullyParallel": false,
    "globalSetup": null,
    "globalTeardown": null,
    "globalTimeout": 0,
    "grep": {},
    "grepInvert": null,
    "maxFailures": 0,
    "metadata": {},
    "preserveOutput": "always",
    "reporter": [
      [
        "line",
        null
      ],
      [
        "json",
        {
          "outputFile": "test-results.txt"
        }
      ]
    ],
    "reportSlowTests": {
      "max": 5,
      "threshold": 15000
    },
    "quiet": false,
    "projects": [
      {
        "outputDir": "E:/cieveryday/test-results",
        "repeatEach": 1,
        "retries": 0,
        "metadata": {},
        "id": "",
        "name": "",
        "testDir": "E:/cieveryday/tests/api-integration-tests",
        "testIgnore": [],
        "testMatch": [
          "**/*.@(spec|test).?(c|m)[jt]s?(x)"
        ],
        "timeout": 30000
      }
    ],
    "shard": null,
    "updateSnapshots": "missing",
    "version": "1.45.3",
    "workers": 1,
    "webServer": null
  },
  "suites": [],
  "errors": [
    {
      "message": "Error: Cannot find package 'pg-promise' imported from E:\\cieveryday\\backend\\dbConnect.js",
      "stack": "Error: Cannot find package 'pg-promise' imported from E:\\cieveryday\\backend\\dbConnect.js"
    },
    {
      "message": "Error: Cannot find package 'pg-promise' imported from E:\\cieveryday\\backend\\dbConnect.js",
      "stack": "Error: Cannot find package 'pg-promise' imported from E:\\cieveryday\\backend\\dbConnect.js"
    },
    {
      "message": "Error: Cannot find package 'pg-promise' imported from E:\\cieveryday\\backend\\dbConnect.js",
      "stack": "Error: Cannot find package 'pg-promise' imported from E:\\cieveryday\\backend\\dbConnect.js"
    },
    {
      "message": "Error: Cannot find package 'pg-promise' imported from E:\\cieveryday\\backend\\dbConnect.js",
      "stack": "Error: Cannot find package 'pg-promise' imported from E:\\cieveryday\\backend\\dbConnect.js"
    },
    {
      "message": "Error: Cannot find package 'pg-promise' imported from E:\\cieveryday\\backend\\dbConnect.js",
      "stack": "Error: Cannot find package 'pg-promise' imported from E:\\cieveryday\\backend\\dbConnect.js"
    },
    {
      "message": "Error: Cannot find package 'pg-promise' imported from E:\\cieveryday\\backend\\dbConnect.js",
      "stack": "Error: Cannot find package 'pg-promise' imported from E:\\cieveryday\\backend\\dbConnect.js"
    },
    {
      "message": "Error: Cannot find package 'pg-promise' imported from E:\\cieveryday\\backend\\dbConnect.js",
      "stack": "Error: Cannot find package 'pg-promise' imported from E:\\cieveryday\\backend\\dbConnect.js"
    },
    {
      "message": "Error: Cannot find package 'pg-promise' imported from E:\\cieveryday\\backend\\dbConnect.js",
      "stack": "Error: Cannot find package 'pg-promise' imported from E:\\cieveryday\\backend\\dbConnect.js"
    },
    {
      "message": "Error: Cannot find package 'pg-promise' imported from E:\\cieveryday\\backend\\dbConnect.js",
      "stack": "Error: Cannot find package 'pg-promise' imported from E:\\cieveryday\\backend\\dbConnect.js"
    },
    {
      "message": "Error: Cannot find package 'pg-promise' imported from E:\\cieveryday\\backend\\dbConnect.js",
      "stack": "Error: Cannot find package 'pg-promise' imported from E:\\cieveryday\\backend\\dbConnect.js"
    },
    {
      "message": "Error: Cannot find package 'pg-promise' imported from E:\\cieveryday\\backend\\dbConnect.js",
      "stack": "Error: Cannot find package 'pg-promise' imported from E:\\cieveryday\\backend\\dbConnect.js"
    }
  ],
  "stats": {
    "startTime": "2025-02-16T22:35:31.035Z",
    "duration": 5014.139999999999,
    "expected": 0,
    "skipped": 0,
    "unexpected": 0,
    "flaky": 0
  }
}